c:\users\chris\source\repos\projekt2\projekt2\x64\debug\vc145.pdb
c:\users\chris\source\repos\projekt2\projekt2\x64\debug\vc145.idb
c:\users\chris\source\repos\projekt2\projekt2\x64\debug\projekt2.obj
c:\users\chris\source\repos\projekt2\projekt2\x64\debug\netzwerk.obj
c:\users\chris\source\repos\projekt2\projekt2\x64\debug\projekt2.ilk
c:\users\chris\source\repos\projekt2\x64\debug\projekt2.pdb
c:\users\chris\source\repos\projekt2\projekt2\x64\debug\projekt2.tlog\cl.command.1.tlog
c:\users\chris\source\repos\projekt2\projekt2\x64\debug\projekt2.tlog\cl.items.tlog
c:\users\chris\source\repos\projekt2\projekt2\x64\debug\projekt2.tlog\cl.read.1.tlog
c:\users\chris\source\repos\projekt2\projekt2\x64\debug\projekt2.tlog\cl.write.1.tlog
c:\users\chris\source\repos\projekt2\projekt2\x64\debug\projekt2.tlog\link.19916-cvtres.read.1.tlog
c:\users\chris\source\repos\projekt2\projekt2\x64\debug\projekt2.tlog\link.19916-cvtres.write.1.tlog
c:\users\chris\source\repos\projekt2\projekt2\x64\debug\projekt2.tlog\link.19916-rc.read.1.tlog
c:\users\chris\source\repos\projekt2\projekt2\x64\debug\projekt2.tlog\link.19916-rc.write.1.tlog
c:\users\chris\source\repos\projekt2\projekt2\x64\debug\projekt2.tlog\link.19916.read.1.tlog
c:\users\chris\source\repos\projekt2\projekt2\x64\debug\projekt2.tlog\link.19916.read.2.tlog
c:\users\chris\source\repos\projekt2\projekt2\x64\debug\projekt2.tlog\link.19916.read.3.tlog
c:\users\chris\source\repos\projekt2\projekt2\x64\debug\projekt2.tlog\link.19916.read.4.tlog
c:\users\chris\source\repos\projekt2\projekt2\x64\debug\projekt2.tlog\link.19916.write.1.tlog
c:\users\chris\source\repos\projekt2\projekt2\x64\debug\projekt2.tlog\link.command.1.tlog
c:\users\chris\source\repos\projekt2\projekt2\x64\debug\projekt2.tlog\link.read.1.tlog
c:\users\chris\source\repos\projekt2\projekt2\x64\debug\projekt2.tlog\link.secondary.1.tlog
c:\users\chris\source\repos\projekt2\projekt2\x64\debug\projekt2.tlog\link.write.1.tlog
