LTspice 26.0.1 for Windows
Circuit: C:\Users\chris\Documents\GitHub\uni\Semester_3\Elektronik\Labor\2\3.2_a.net
Start Time: Tue May  5 22:00:28 2026
solver = Normal
Maximum thread count: 16
tnom = 27
temp = 27
method = trap
Compress1stOrder = true
Compress2ndOrder = true
Direct Newton iteration succeeded in finding operating point.
Direct Newton iteration succeeded in finding operating point.
Direct Newton iteration succeeded in finding operating point.
Direct Newton iteration succeeded in finding operating point.
Direct Newton iteration succeeded in finding operating point.
Direct Newton iteration succeeded in finding operating point.
Direct Newton iteration succeeded in finding operating point.
Direct Newton iteration succeeded in finding operating point.
Direct Newton iteration succeeded in finding operating point.
Direct Newton iteration succeeded in finding operating point.
Direct Newton iteration succeeded in finding operating point.
Direct Newton iteration succeeded in finding operating point.
Direct Newton iteration succeeded in finding operating point.
Direct Newton iteration succeeded in finding operating point.
Direct Newton iteration succeeded in finding operating point.
Direct Newton iteration succeeded in finding operating point.
Direct Newton iteration succeeded in finding operating point.
Direct Newton iteration succeeded in finding operating point.
Direct Newton iteration succeeded in finding operating point.
Direct Newton iteration succeeded in finding operating point.
Direct Newton iteration succeeded in finding operating point.
Direct Newton iteration succeeded in finding operating point.
Direct Newton iteration succeeded in finding operating point.
Direct Newton iteration succeeded in finding operating point.
Direct Newton iteration succeeded in finding operating point.
Direct Newton iteration succeeded in finding operating point.
Direct Newton iteration succeeded in finding operating point.
Direct Newton iteration succeeded in finding operating point.
Direct Newton iteration succeeded in finding operating point.
Direct Newton iteration succeeded in finding operating point.
Direct Newton iteration succeeded in finding operating point.
Direct Newton iteration succeeded in finding operating point.
Direct Newton iteration succeeded in finding operating point.
Direct Newton iteration succeeded in finding operating point.
Direct Newton iteration succeeded in finding operating point.
Direct Newton iteration succeeded in finding operating point.
Direct Newton iteration succeeded in finding operating point.
Direct Newton iteration succeeded in finding operating point.
Direct Newton iteration succeeded in finding operating point.
Direct Newton iteration succeeded in finding operating point.
Direct Newton iteration succeeded in finding operating point.
Direct Newton iteration succeeded in finding operating point.
Direct Newton iteration succeeded in finding operating point.
Direct Newton iteration succeeded in finding operating point.
Direct Newton iteration succeeded in finding operating point.
Direct Newton iteration succeeded in finding operating point.
Direct Newton iteration succeeded in finding operating point.
Direct Newton iteration succeeded in finding operating point.
Direct Newton iteration succeeded in finding operating point.
Direct Newton iteration succeeded in finding operating point.
Direct Newton iteration succeeded in finding operating point.
Direct Newton iteration succeeded in finding operating point.
Direct Newton iteration succeeded in finding operating point.
Direct Newton iteration succeeded in finding operating point.
Direct Newton iteration succeeded in finding operating point.
Direct Newton iteration succeeded in finding operating point.
Direct Newton iteration succeeded in finding operating point.
Direct Newton iteration succeeded in finding operating point.
Direct Newton iteration succeeded in finding operating point.
Direct Newton iteration succeeded in finding operating point.
Direct Newton iteration succeeded in finding operating point.
Direct Newton iteration succeeded in finding operating point.
Direct Newton iteration succeeded in finding operating point.
Direct Newton iteration succeeded in finding operating point.
Direct Newton iteration succeeded in finding operating point.
Direct Newton iteration succeeded in finding operating point.
Direct Newton iteration failed to find operating point.

Simulation stopped by user.
Total elapsed time: 5.092 seconds.

Files loaded:
C:\Users\chris\Documents\GitHub\uni\Semester_3\Elektronik\Labor\2\3.2_a.net
C:\Users\chris\AppData\Local\LTspice\lib\cmp\standard.mos

